<?php
declare(strict_types=1);

namespace App\Http\Controllers;

use App\Repositories\CategoryRepository;
use App\Http\Requests\Category\StoreCategoryRequest;
use App\Http\Requests\Category\UpdateCategoryRequest;
use Illuminate\Http\JsonResponse;
use Illuminate\Http\Request;

class CategoryController extends Controller
{
    public function __construct(private readonly CategoryRepository $repository) {}

    public function index(Request $request): JsonResponse
    {
        $perPage = (int) ($request->integer('per_page') ?: 15);
        return response()->json($this->repository->paginate($perPage));
    }

    public function store(StoreCategoryRequest $request): JsonResponse
    {
        $item = $this->repository->create($request->validated());
        return response()->json($item, 201);
    }

    public function show(int|string $category): JsonResponse
    {
        return response()->json($this->repository->find($category));
    }

    public function update(UpdateCategoryRequest $request, int|string $category): JsonResponse
    {
        $item = $this->repository->update($category, $request->validated());
        return response()->json($item);
    }

    public function destroy(int|string $category): JsonResponse
    {
        $this->repository->delete($category);
        return response()->json(null, 204);
    }
}
